WARNING: EXTCODE CODE AREA DO NOT CONTAIN RELOCATED ADDRESSES.
THIS WILL BE REMEDIED IN A LATER RELEASE.
                        .module keypad.c
                        .area text
--- 0000           L4:
--- 0000 3132              .byte 49,50
--- 0002 3341              .byte 51,'A
--- 0004 3435              .byte 52,53
--- 0006 3642              .byte 54,'B
--- 0008 3738              .byte 55,56
--- 000A 3943              .byte 57,'C
--- 000C 4530              .byte 'E,48
--- 000E 4644              .byte 'F,'D
--- 0010                   .dbfile keypad.c
--- 0010                   .dbfunc e main _main fV
--- 0010           ;        key_pad -> -21,x
--- 0010           ;           bool -> -5,x
--- 0010           ;            col -> -4,x
--- 0010           ;            row -> -3,x
--- 0010           ;          ret_v -> -2,x
--- 0010           ;              r -> -1,x
 403A            _main::
 403A  34                pshx
 403B  B775              tfr s,x
 403D  1BF1E4            leas -28,sp
 4040                    .dbline -1
 4040                    .dbline 5
 4040            ; #include <stdio.h>
 4040            ; #include "hcs12dp256.h"
 4040            ; 
 4040            ; 
 4040            ; void main(){
 4040                    .dbline 7
 4040            ;        
 4040            ;        char row = 1;
 4040  C601              ldab #1
 4042  6B1D              stab -3,x
 4044                    .dbline 8
 4044            ;        char r = 1;
 4044  C601              ldab #1
 4046  6B1F              stab -1,x
 4048                    .dbline 13
 4048            ;        char col;
 4048            ;        #define HEIGT 4
 4048            ;        #define WIDTH 4
 4048            ;        char key_pad[HEIGT][WIDTH]=                                                    
 4048            ;          {{'1','2','3','A'},                                              
 4048  19E1EB            leay -21,x
 404B  B7C6              xgdy
 404D  CD402A            ldy #L4
 4050  34                pshx
 4051  B745              tfr d,x
 4053  CC0008            ldd #8
 4056            X0:
 4056  18027131          movw 2,y+,2,x+
 405A  0434F9            dbne d,X0
 405D  30                pulx
 405E                    .dbline 18
 405E            ;           {'4','5','6','B'},                                              
 405E            ;           {'7','8','9','C'},                                              
 405E            ;           {'E','0','F','D'}};
 405E            ;                 
 405E            ;        char bool = 1;
 405E  C601              ldab #1
 4060  6B1B              stab -5,x
 4062                    .dbline 21
 4062            ;        char ret_v;
 4062            ; 
 4062            ;       SPI1CR1 = 0x00;            //Turn off SPI
 4062  7900F0            clr 0xf0
 4065                    .dbline 22
 4065            ;       DDRP = 0x0F;               //set P0-3 as outputs(PP0..3 for Key1..4)
 4065  C60F              ldab #15
 4067  7B025A            stab 0x25a
 406A                    .dbline 23
 406A            ;       DDRH = 0x0F;               //set H4-7 as inputs (Key5..8)
 406A  C60F              ldab #15
 406C  7B0262            stab 0x262
 406F  18200157          lbra L6
 4073            L5:
 4073                    .dbline 25
 4073            ;       
 4073            ;       while (bool){
 4073                    .dbline 28
 4073            ;                 
 4073            ;                 
 4073            ;                 PTM = 0x08;      //Load data into U7 set U7_EN high (PM3) 
 4073  C608              ldab #8
 4075  7B0250            stab 0x250
 4078                    .dbline 29
 4078            ;                 PTP = r;         //Write Key1..4 via PP0..3 
 4078  180D1F0258        movb -1,x,0x258
 407D                    .dbline 30
 407D            ;                 PTM = 0x00;      //set U7_EN low (PM3)
 407D  790250            clr 0x250
 4080                    .dbline 32
 4080            ;                 
 4080            ;                 ret_v = PTH;     //get column 
 4080                    ; vol
 4080  F60260            ldab 0x260
 4083  6B1E              stab -2,x
 4085                    .dbline 33
 4085            ;                 ret_v &= 0xF0;   //clear the last 4 bits
 4085  0D1E0F            bclr -2,x,#0xf
 4088                    .dbline 35
 4088            ;                 
 4088            ;                 if(ret_v == 0x10){
 4088  E61E              ldab -2,x
 408A  C110              cmpb #16
 408C  2639              bne L8
 408E                    .dbline 35
 408E                    .dbline 36
 408E            ;                       col = 0;
 408E  691C              clr -4,x
 4090                    .dbline 37
 4090            ;                       printf("key : %c",key_pad[row-1][col]);
 4090  E61D              ldab -3,x
 4092  87                clra
 4093  830001            subd #1
 4096  59                lsld
 4097  59                lsld
 4098  19E1EB            leay -21,x
 409B  6DE1E8            sty -24,x
 409E  E3E1E8            addd -24,x
 40A1  6CE1E6            std -26,x
 40A4  E61C              ldab -4,x
 40A6  87                clra
 40A7  E3E1E6            addd -26,x
 40AA  B7C6              xgdy
 40AC  E640              ldab 0,y
 40AE  87                clra
 40AF  6C80              std 0,sp
 40B1  CC4219            ldd #L10
 40B4  164672            jsr _printf
 40B7                    .dbline 38
 40B7            ;                       printf("\n");
 40B7  CC4217            ldd #L11
 40BA  164672            jsr _printf
 40BD                    .dbline 39
 40BD            ;                       delay(30);
 40BD  CC001E            ldd #30
 40C0  1641DA            jsr _delay
 40C3                    .dbline 40
 40C3  182000C5          lbra L9
 40C7            L8:
 40C7                    .dbline 40
 40C7            ;                 } else if(ret_v == 0x20){
 40C7  E61E              ldab -2,x
 40C9  C120              cmpb #32
 40CB  2643              bne L12
 40CD                    .dbline 40
 40CD                    .dbline 41
 40CD            ;                       col = 1;
 40CD  C601              ldab #1
 40CF  6B1C              stab -4,x
 40D1                    .dbline 42
 40D1            ;                       printf("key : %c",key_pad[row-1][col]);
 40D1  E61D              ldab -3,x
 40D3  87                clra
 40D4  830001            subd #1
 40D7  59                lsld
 40D8  59                lsld
 40D9  19E1EB            leay -21,x
 40DC  6DE1E8            sty -24,x
 40DF  E3E1E8            addd -24,x
 40E2  6CE1E6            std -26,x
 40E5  E61C              ldab -4,x
 40E7  87                clra
 40E8  E3E1E6            addd -26,x
 40EB  B7C6              xgdy
 40ED  E640              ldab 0,y
 40EF  87                clra
 40F0  6C80              std 0,sp
 40F2  CC4219            ldd #L10
 40F5  164672            jsr _printf
 40F8                    .dbline 43
 40F8            ;                       printf("\n");
 40F8  CC4217            ldd #L11
 40FB  164672            jsr _printf
 40FE                    .dbline 44
 40FE            ;                       delay(30);
 40FE  CC001E            ldd #30
 4101  1641DA            jsr _delay
 4104                    .dbline 45
 4104            ;                       if(row == 4){
 4104  E61D              ldab -3,x
 4106  C104              cmpb #4
 4108  18260080          lbne L13
 410C                    .dbline 45
 410C                    .dbline 46
 410C            ;                                  break;
 410C  182000C0          lbra L7
 4110            X1:
 4110                    .dbline 48
 4110            L12:
 4110                    .dbline 48
 4110            ;                       }
 4110            ;                 } else if(ret_v == 0x40){
 4110  E61E              ldab -2,x
 4112  C140              cmpb #64
 4114  2639              bne L16
 4116                    .dbline 48
 4116                    .dbline 49
 4116            ;                       col = 2;
 4116  C602              ldab #2
 4118  6B1C              stab -4,x
 411A                    .dbline 50
 411A            ;                       printf("key : %c",key_pad[row-1][col]);
 411A  E61D              ldab -3,x
 411C  87                clra
 411D  830001            subd #1
 4120  59                lsld
 4121  59                lsld
 4122  19E1EB            leay -21,x
 4125  6DE1E8            sty -24,x
 4128  E3E1E8            addd -24,x
 412B  6CE1E6            std -26,x
 412E  E61C              ldab -4,x
 4130  87                clra
 4131  E3E1E6            addd -26,x
 4134  B7C6              xgdy
 4136  E640              ldab 0,y
 4138  87                clra
 4139  6C80              std 0,sp
 413B  CC4219            ldd #L10
 413E  164672            jsr _printf
 4141                    .dbline 51
 4141            ;                       printf("\n");
 4141  CC4217            ldd #L11
 4144  164672            jsr _printf
 4147                    .dbline 52
 4147            ;                       delay(30);
 4147  CC001E            ldd #30
 414A  1641DA            jsr _delay
 414D                    .dbline 53
 414D  203D              bra L17
 414F            L16:
 414F                    .dbline 53
 414F            ;                 } else if(ret_v == 0x80){
 414F  E61E              ldab -2,x
 4151  C180              cmpb #128
 4153  2637              bne L18
 4155                    .dbline 53
 4155                    .dbline 54
 4155            ;                       col = 3;
 4155  C603              ldab #3
 4157  6B1C              stab -4,x
 4159                    .dbline 55
 4159            ;                       printf("key : %c",key_pad[row-1][col]);
 4159  E61D              ldab -3,x
 415B  87                clra
 415C  830001            subd #1
 415F  59                lsld
 4160  59                lsld
 4161  19E1EB            leay -21,x
 4164  6DE1E8            sty -24,x
 4167  E3E1E8            addd -24,x
 416A  6CE1E6            std -26,x
 416D  E61C              ldab -4,x
 416F  87                clra
 4170  E3E1E6            addd -26,x
 4173  B7C6              xgdy
 4175  E640              ldab 0,y
 4177  87                clra
 4178  6C80              std 0,sp
 417A  CC4219            ldd #L10
 417D  164672            jsr _printf
 4180                    .dbline 56
 4180            ;                       printf("\n");
 4180  CC4217            ldd #L11
 4183  164672            jsr _printf
 4186                    .dbline 57
 4186            ;                       delay(30);
 4186  CC001E            ldd #30
 4189  1641DA            jsr _delay
 418C                    .dbline 58
 418C            ;                 } 
 418C            L18:
 418C            L17:
 418C            L13:
 418C            L9:
 418C                    .dbline 59
 418C            ;                       if(r == 1){
 418C  E61F              ldab -1,x
 418E  C101              cmpb #1
 4190  260A              bne L20
 4192                    .dbline 59
 4192                    .dbline 60
 4192            ;                                  r = 2;
 4192  C602              ldab #2
 4194  6B1F              stab -1,x
 4196                    .dbline 61
 4196            ;                                  row = 2;
 4196  C602              ldab #2
 4198  6B1D              stab -3,x
 419A                    .dbline 62
 419A  202E              bra L21
 419C            L20:
 419C                    .dbline 62
 419C            ;                       }else if(r == 2){
 419C  E61F              ldab -1,x
 419E  C102              cmpb #2
 41A0  260A              bne L22
 41A2                    .dbline 62
 41A2                    .dbline 63
 41A2            ;                                 r = 4;
 41A2  C604              ldab #4
 41A4  6B1F              stab -1,x
 41A6                    .dbline 64
 41A6            ;                                 row = 3;
 41A6  C603              ldab #3
 41A8  6B1D              stab -3,x
 41AA                    .dbline 65
 41AA  201E              bra L23
 41AC            L22:
 41AC                    .dbline 65
 41AC            ;                       }else if(r == 4){
 41AC  E61F              ldab -1,x
 41AE  C104              cmpb #4
 41B0  260A              bne L24
 41B2                    .dbline 65
 41B2                    .dbline 66
 41B2            ;                                 r = 8;
 41B2  C608              ldab #8
 41B4  6B1F              stab -1,x
 41B6                    .dbline 67
 41B6            ;                                 row = 4;
 41B6  C604              ldab #4
 41B8  6B1D              stab -3,x
 41BA                    .dbline 68
 41BA  200E              bra L25
 41BC            L24:
 41BC                    .dbline 68
 41BC            ;                       }else if(r == 8){
 41BC  E61F              ldab -1,x
 41BE  C108              cmpb #8
 41C0  2608              bne L26
 41C2                    .dbline 68
 41C2                    .dbline 69
 41C2            ;                                 r = 1;
 41C2  C601              ldab #1
 41C4  6B1F              stab -1,x
 41C6                    .dbline 70
 41C6            ;                                 row = 1;
 41C6  C601              ldab #1
 41C8  6B1D              stab -3,x
 41CA                    .dbline 71
 41CA            ;                       }
 41CA            L26:
 41CA            L25:
 41CA            L23:
 41CA            L21:
 41CA                    .dbline 74
 41CA            L6:
 41CA                    .dbline 25
 41CA  E71B              tst -5,x
 41CC  1826FEA3          lbne L5
 41D0            L7:
 41D0                    .dbline 76
 41D0            ;                 
 41D0            ;                 
 41D0            ;       }//end while
 41D0            ;       
 41D0            ;       printf("End");
 41D0  CC4213            ldd #L28
 41D3  164672            jsr _printf
 41D6                    .dbline -2
 41D6                    .dbline 78
 41D6            ;       
 41D6            ; }
 41D6            L3:
 41D6  B757              tfr x,s
 41D8  30                pulx
 41D9                    .dbline 0 ; func end
 41D9  3D                rts
 41DA                    .dbsym l key_pad -21 A[16:4:4]c
 41DA                    .dbsym l bool -5 c
 41DA                    .dbsym l col -4 c
 41DA                    .dbsym l row -3 c
 41DA                    .dbsym l ret_v -2 c
 41DA                    .dbsym l r -1 c
 41DA                    .dbend
 41DA                    .dbfunc e delay _delay fV
 41DA            ;              i -> -6,x
 41DA            ;  delayConstant -> -4,x
 41DA            ;              j -> -2,x
 41DA            ;             ms -> 2,x
 41DA            _delay::
 41DA  3B                pshd
 41DB  34                pshx
 41DC  B775              tfr s,x
 41DE  1B9A              leas -6,sp
 41E0                    .dbline -1
 41E0                    .dbline 81
 41E0            ; 
 41E0            ; 
 41E0            ; void delay (int ms){
 41E0                    .dbline 83
 41E0            ; 
 41E0            ;        const int delayConstant = 1234;
 41E0  CC04D2            ldd #1234
 41E3  6C1C              std -4,x
 41E5                    .dbline 86
 41E5  CC0000            ldd #0
 41E8  6C1A              std -6,x
 41EA  201B              bra L33
 41EC            L30:
 41EC                    .dbline 86
 41EC            ;        int i, j;
 41EC            ;        
 41EC            ;        for (i=0; i<ms; i++) {
 41EC                    .dbline 87
 41EC  CC0000            ldd #0
 41EF  6C1E              std -2,x
 41F1  2007              bra L37
 41F3            L34:
 41F3                    .dbline 87
 41F3                    .dbline 88
 41F3            L35:
 41F3                    .dbline 87
 41F3  EC1E              ldd -2,x
 41F5  C30001            addd #1
 41F8  6C1E              std -2,x
 41FA            L37:
 41FA                    .dbline 87
 41FA  EC1E              ldd -2,x
 41FC  AC1C              cpd -4,x
 41FE  2DF3              blt L34
 4200                    .dbline 89
 4200            L31:
 4200                    .dbline 86
 4200  EC1A              ldd -6,x
 4202  C30001            addd #1
 4205  6C1A              std -6,x
 4207            L33:
 4207                    .dbline 86
 4207  EC1A              ldd -6,x
 4209  AC02              cpd 2,x
 420B  2DDF              blt L30
 420D                    .dbline -2
 420D                    .dbline 91
 420D            ;                for (j=0; j<delayConstant; j++) {
 420D            ;                }
 420D            ;       }
 420D            ;       
 420D            ; }
 420D            L29:
 420D  B757              tfr x,s
 420F  30                pulx
 4210  1B82              leas 2,sp
 4212                    .dbline 0 ; func end
 4212  3D                rts
 4213                    .dbsym l i -6 I
 4213                    .dbsym l delayConstant -4 I
 4213                    .dbsym l j -2 I
 4213                    .dbsym l ms 2 I
 4213                    .dbend
 4213            L28:
 4213  456E6400          .byte 'E,'n,'d,0
 4217            L11:
 4217  0A00              .byte 10,0
 4219            L10:
 4219  6B6579203A20256300        .byte 'k,'e,'y,32,58,32,37,'c,0
